// Jest Snapshot v1, https://goo.gl/fbAQLP

exports[`NotificationSettingsEmailIos should match snapshot, renderEmailSection 1`] = `
<section
  disableFooter={false}
  footerDefaultMessage="Email notifications are sent for mentions and direct messages when you are offline or away for more than 5 minutes."
  footerId="user.settings.notifications.emailInfo"
  headerDefaultMessage="SEND EMAIL NOTIFICATIONS"
  headerId="mobile.notification_settings.email.send"
  theme={
    Object {
      "awayIndicator": "#ffbc42",
      "buttonBg": "#166de0",
      "buttonColor": "#ffffff",
      "centerChannelBg": "#ffffff",
      "centerChannelColor": "#3d3c40",
      "codeTheme": "github",
      "colorScheme": "light",
      "dndIndicator": "#f74343",
      "errorTextColor": "#fd5960",
      "linkColor": "#2389d7",
      "mentionBg": "#ffffff",
      "mentionBj": "#ffffff",
      "mentionColor": "#145dbf",
      "mentionHighlightBg": "#ffe577",
      "mentionHighlightLink": "#166de0",
      "newMessageSeparator": "#ff8800",
      "onlineIndicator": "#06d6a0",
      "sidebarBg": "#145dbf",
      "sidebarHeaderBg": "#1153ab",
      "sidebarHeaderTextColor": "#ffffff",
      "sidebarText": "#ffffff",
      "sidebarTextActiveBorder": "#579eff",
      "sidebarTextActiveColor": "#ffffff",
      "sidebarTextHoverBg": "#4578bf",
      "sidebarUnreadText": "#ffffff",
      "type": "Mattermost",
    }
  }
>
  <View>
    <sectionItem
      action={[Function]}
      actionType="select"
      actionValue="30"
      label={
        <InjectIntl(FormattedText)
          defaultMessage="Immediately"
          id="user.settings.notifications.email.immediately"
        />
      }
      selected={true}
      testID="notification_settings_email.immediately.action"
      theme={
        Object {
          "awayIndicator": "#ffbc42",
          "buttonBg": "#166de0",
          "buttonColor": "#ffffff",
          "centerChannelBg": "#ffffff",
          "centerChannelColor": "#3d3c40",
          "codeTheme": "github",
          "colorScheme": "light",
          "dndIndicator": "#f74343",
          "errorTextColor": "#fd5960",
          "linkColor": "#2389d7",
          "mentionBg": "#ffffff",
          "mentionBj": "#ffffff",
          "mentionColor": "#145dbf",
          "mentionHighlightBg": "#ffe577",
          "mentionHighlightLink": "#166de0",
          "newMessageSeparator": "#ff8800",
          "onlineIndicator": "#06d6a0",
          "sidebarBg": "#145dbf",
          "sidebarHeaderBg": "#1153ab",
          "sidebarHeaderTextColor": "#ffffff",
          "sidebarText": "#ffffff",
          "sidebarTextActiveBorder": "#579eff",
          "sidebarTextActiveColor": "#ffffff",
          "sidebarTextHoverBg": "#4578bf",
          "sidebarUnreadText": "#ffffff",
          "type": "Mattermost",
        }
      }
    />
    <View
      style={
        Object {
          "backgroundColor": undefined,
          "flex": 1,
          "height": 1,
          "marginLeft": 15,
        }
      }
    />
    <sectionItem
      action={[Function]}
      actionType="select"
      actionValue="0"
      label={
        <InjectIntl(FormattedText)
          defaultMessage="Never"
          id="user.settings.notifications.email.never"
        />
      }
      selected={false}
      testID="notification_settings_email.never.action"
      theme={
        Object {
          "awayIndicator": "#ffbc42",
          "buttonBg": "#166de0",
          "buttonColor": "#ffffff",
          "centerChannelBg": "#ffffff",
          "centerChannelColor": "#3d3c40",
          "codeTheme": "github",
          "colorScheme": "light",
          "dndIndicator": "#f74343",
          "errorTextColor": "#fd5960",
          "linkColor": "#2389d7",
          "mentionBg": "#ffffff",
          "mentionBj": "#ffffff",
          "mentionColor": "#145dbf",
          "mentionHighlightBg": "#ffe577",
          "mentionHighlightLink": "#166de0",
          "newMessageSeparator": "#ff8800",
          "onlineIndicator": "#06d6a0",
          "sidebarBg": "#145dbf",
          "sidebarHeaderBg": "#1153ab",
          "sidebarHeaderTextColor": "#ffffff",
          "sidebarText": "#ffffff",
          "sidebarTextActiveBorder": "#579eff",
          "sidebarTextActiveColor": "#ffffff",
          "sidebarTextHoverBg": "#4578bf",
          "sidebarUnreadText": "#ffffff",
          "type": "Mattermost",
        }
      }
    />
  </View>
</section>
`;

exports[`NotificationSettingsEmailIos should match snapshot, renderEmailThreadsSection 1`] = `
<section
  footerDefaultMessage="When enabled, any reply to a thread you're following will send an email notification."
  footerId="user.settings.notifications.email_threads.info"
  headerDefaultMessage="THREAD REPLY NOTIFICATIONS"
  headerId="user.settings.notifications.email_threads.title"
  theme={
    Object {
      "awayIndicator": "#ffbc42",
      "buttonBg": "#166de0",
      "buttonColor": "#ffffff",
      "centerChannelBg": "#ffffff",
      "centerChannelColor": "#3d3c40",
      "codeTheme": "github",
      "colorScheme": "light",
      "dndIndicator": "#f74343",
      "errorTextColor": "#fd5960",
      "linkColor": "#2389d7",
      "mentionBg": "#ffffff",
      "mentionBj": "#ffffff",
      "mentionColor": "#145dbf",
      "mentionHighlightBg": "#ffe577",
      "mentionHighlightLink": "#166de0",
      "newMessageSeparator": "#ff8800",
      "onlineIndicator": "#06d6a0",
      "sidebarBg": "#145dbf",
      "sidebarHeaderBg": "#1153ab",
      "sidebarHeaderTextColor": "#ffffff",
      "sidebarText": "#ffffff",
      "sidebarTextActiveBorder": "#579eff",
      "sidebarTextActiveColor": "#ffffff",
      "sidebarTextHoverBg": "#4578bf",
      "sidebarUnreadText": "#ffffff",
      "type": "Mattermost",
    }
  }
>
  <sectionItem
    action={[Function]}
    actionType="toggle"
    description={<View />}
    label={
      <InjectIntl(FormattedText)
        defaultMessage="Notify me about all replies to threads I'm following"
        id="user.settings.notifications.email_threads.description"
      />
    }
    selected={true}
    theme={
      Object {
        "awayIndicator": "#ffbc42",
        "buttonBg": "#166de0",
        "buttonColor": "#ffffff",
        "centerChannelBg": "#ffffff",
        "centerChannelColor": "#3d3c40",
        "codeTheme": "github",
        "colorScheme": "light",
        "dndIndicator": "#f74343",
        "errorTextColor": "#fd5960",
        "linkColor": "#2389d7",
        "mentionBg": "#ffffff",
        "mentionBj": "#ffffff",
        "mentionColor": "#145dbf",
        "mentionHighlightBg": "#ffe577",
        "mentionHighlightLink": "#166de0",
        "newMessageSeparator": "#ff8800",
        "onlineIndicator": "#06d6a0",
        "sidebarBg": "#145dbf",
        "sidebarHeaderBg": "#1153ab",
        "sidebarHeaderTextColor": "#ffffff",
        "sidebarText": "#ffffff",
        "sidebarTextActiveBorder": "#579eff",
        "sidebarTextActiveColor": "#ffffff",
        "sidebarTextHoverBg": "#4578bf",
        "sidebarUnreadText": "#ffffff",
        "type": "Mattermost",
      }
    }
  />
  <View
    style={Object {}}
  />
</section>
`;
