// Jest Snapshot v1, https://goo.gl/fbAQLP

exports[`PasteableTextInput should render pasteable text input 1`] = `
<TextInput
  onPaste={[Function]}
  screenId="Channel"
>
  My Text
</TextInput>
`;
