// Jest Snapshot v1, https://goo.gl/fbAQLP

exports[`screens/date_time_selector should match snapshot 1`] = `
<View
  style={
    Object {
      "backgroundColor": "#ffffff",
      "flex": 1,
      "paddingTop": 10,
    }
  }
>
  <View
    style={
      Object {
        "alignItems": "center",
        "flex": 1,
        "flexDirection": "row",
        "justifyContent": "space-evenly",
        "marginBottom": 10,
      }
    }
  >
    <View
      accessibilityRole="button"
      accessibilityState={Object {}}
      accessible={true}
      focusable={true}
      onClick={[Function]}
      onResponderGrant={[Function]}
      onResponderMove={[Function]}
      onResponderRelease={[Function]}
      onResponderTerminate={[Function]}
      onResponderTerminationRequest={[Function]}
      onStartShouldSetResponder={[Function]}
      style={
        Object {
          "opacity": 1,
        }
      }
      testID="clear_after.menu_item.date_and_time.button.date"
    >
      <View
        style={
          Array [
            Object {},
          ]
        }
      >
        <Text
          style={
            Array [
              Object {
                "color": "#007AFF",
                "fontSize": 18,
                "margin": 8,
                "textAlign": "center",
              },
              Object {
                "color": "#166de0",
              },
            ]
          }
        >
          Select Date
        </Text>
      </View>
    </View>
    <View
      accessibilityRole="button"
      accessibilityState={Object {}}
      accessible={true}
      focusable={true}
      onClick={[Function]}
      onResponderGrant={[Function]}
      onResponderMove={[Function]}
      onResponderRelease={[Function]}
      onResponderTerminate={[Function]}
      onResponderTerminationRequest={[Function]}
      onStartShouldSetResponder={[Function]}
      style={
        Object {
          "opacity": 1,
        }
      }
      testID="clear_after.menu_item.date_and_time.button.time"
    >
      <View
        style={
          Array [
            Object {},
          ]
        }
      >
        <Text
          style={
            Array [
              Object {
                "color": "#007AFF",
                "fontSize": 18,
                "margin": 8,
                "textAlign": "center",
              },
              Object {
                "color": "#166de0",
              },
            ]
          }
        >
          Select Time
        </Text>
      </View>
    </View>
  </View>
</View>
`;
