// Jest Snapshot v1, https://goo.gl/fbAQLP

exports[`AppsForm should set match snapshot 1`] = `
<RNCSafeAreaView
  style={
    Object {
      "backgroundColor": "rgba(61,60,64,0.03)",
    }
  }
  testID="interactive_dialog.screen"
>
  <ScrollView
    style={
      Object {
        "marginBottom": 20,
        "marginTop": 10,
      }
    }
  >
    <Connect(StatusBar) />
    <DialogIntroductionText
      theme={
        Object {
          "awayIndicator": "#ffbc42",
          "buttonBg": "#166de0",
          "buttonColor": "#ffffff",
          "centerChannelBg": "#ffffff",
          "centerChannelColor": "#3d3c40",
          "codeTheme": "github",
          "colorScheme": "light",
          "dndIndicator": "#f74343",
          "errorTextColor": "#fd5960",
          "linkColor": "#2389d7",
          "mentionBg": "#ffffff",
          "mentionBj": "#ffffff",
          "mentionColor": "#145dbf",
          "mentionHighlightBg": "#ffe577",
          "mentionHighlightLink": "#166de0",
          "newMessageSeparator": "#ff8800",
          "onlineIndicator": "#06d6a0",
          "sidebarBg": "#145dbf",
          "sidebarHeaderBg": "#1153ab",
          "sidebarHeaderTextColor": "#ffffff",
          "sidebarText": "#ffffff",
          "sidebarTextActiveBorder": "#579eff",
          "sidebarTextActiveColor": "#ffffff",
          "sidebarTextHoverBg": "#4578bf",
          "sidebarUnreadText": "#ffffff",
          "type": "Mattermost",
        }
      }
      value="Header"
    />
    <AppsFormField
      field={
        Object {
          "name": "bool1",
          "type": "bool",
        }
      }
      key="bool1"
      name="bool1"
      onChange={[Function]}
      performLookup={[Function]}
      theme={
        Object {
          "awayIndicator": "#ffbc42",
          "buttonBg": "#166de0",
          "buttonColor": "#ffffff",
          "centerChannelBg": "#ffffff",
          "centerChannelColor": "#3d3c40",
          "codeTheme": "github",
          "colorScheme": "light",
          "dndIndicator": "#f74343",
          "errorTextColor": "#fd5960",
          "linkColor": "#2389d7",
          "mentionBg": "#ffffff",
          "mentionBj": "#ffffff",
          "mentionColor": "#145dbf",
          "mentionHighlightBg": "#ffe577",
          "mentionHighlightLink": "#166de0",
          "newMessageSeparator": "#ff8800",
          "onlineIndicator": "#06d6a0",
          "sidebarBg": "#145dbf",
          "sidebarHeaderBg": "#1153ab",
          "sidebarHeaderTextColor": "#ffffff",
          "sidebarText": "#ffffff",
          "sidebarTextActiveBorder": "#579eff",
          "sidebarTextActiveColor": "#ffffff",
          "sidebarTextHoverBg": "#4578bf",
          "sidebarUnreadText": "#ffffff",
          "type": "Mattermost",
        }
      }
      value={false}
    />
    <AppsFormField
      field={
        Object {
          "name": "bool2",
          "type": "bool",
          "value": false,
        }
      }
      key="bool2"
      name="bool2"
      onChange={[Function]}
      performLookup={[Function]}
      theme={
        Object {
          "awayIndicator": "#ffbc42",
          "buttonBg": "#166de0",
          "buttonColor": "#ffffff",
          "centerChannelBg": "#ffffff",
          "centerChannelColor": "#3d3c40",
          "codeTheme": "github",
          "colorScheme": "light",
          "dndIndicator": "#f74343",
          "errorTextColor": "#fd5960",
          "linkColor": "#2389d7",
          "mentionBg": "#ffffff",
          "mentionBj": "#ffffff",
          "mentionColor": "#145dbf",
          "mentionHighlightBg": "#ffe577",
          "mentionHighlightLink": "#166de0",
          "newMessageSeparator": "#ff8800",
          "onlineIndicator": "#06d6a0",
          "sidebarBg": "#145dbf",
          "sidebarHeaderBg": "#1153ab",
          "sidebarHeaderTextColor": "#ffffff",
          "sidebarText": "#ffffff",
          "sidebarTextActiveBorder": "#579eff",
          "sidebarTextActiveColor": "#ffffff",
          "sidebarTextHoverBg": "#4578bf",
          "sidebarUnreadText": "#ffffff",
          "type": "Mattermost",
        }
      }
      value={false}
    />
    <AppsFormField
      field={
        Object {
          "name": "bool3",
          "type": "bool",
          "value": true,
        }
      }
      key="bool3"
      name="bool3"
      onChange={[Function]}
      performLookup={[Function]}
      theme={
        Object {
          "awayIndicator": "#ffbc42",
          "buttonBg": "#166de0",
          "buttonColor": "#ffffff",
          "centerChannelBg": "#ffffff",
          "centerChannelColor": "#3d3c40",
          "codeTheme": "github",
          "colorScheme": "light",
          "dndIndicator": "#f74343",
          "errorTextColor": "#fd5960",
          "linkColor": "#2389d7",
          "mentionBg": "#ffffff",
          "mentionBj": "#ffffff",
          "mentionColor": "#145dbf",
          "mentionHighlightBg": "#ffe577",
          "mentionHighlightLink": "#166de0",
          "newMessageSeparator": "#ff8800",
          "onlineIndicator": "#06d6a0",
          "sidebarBg": "#145dbf",
          "sidebarHeaderBg": "#1153ab",
          "sidebarHeaderTextColor": "#ffffff",
          "sidebarText": "#ffffff",
          "sidebarTextActiveBorder": "#579eff",
          "sidebarTextActiveColor": "#ffffff",
          "sidebarTextHoverBg": "#4578bf",
          "sidebarUnreadText": "#ffffff",
          "type": "Mattermost",
        }
      }
      value={true}
    />
    <AppsFormField
      field={
        Object {
          "name": "text1",
          "type": "text",
          "value": "initial text",
        }
      }
      key="text1"
      name="text1"
      onChange={[Function]}
      performLookup={[Function]}
      theme={
        Object {
          "awayIndicator": "#ffbc42",
          "buttonBg": "#166de0",
          "buttonColor": "#ffffff",
          "centerChannelBg": "#ffffff",
          "centerChannelColor": "#3d3c40",
          "codeTheme": "github",
          "colorScheme": "light",
          "dndIndicator": "#f74343",
          "errorTextColor": "#fd5960",
          "linkColor": "#2389d7",
          "mentionBg": "#ffffff",
          "mentionBj": "#ffffff",
          "mentionColor": "#145dbf",
          "mentionHighlightBg": "#ffe577",
          "mentionHighlightLink": "#166de0",
          "newMessageSeparator": "#ff8800",
          "onlineIndicator": "#06d6a0",
          "sidebarBg": "#145dbf",
          "sidebarHeaderBg": "#1153ab",
          "sidebarHeaderTextColor": "#ffffff",
          "sidebarText": "#ffffff",
          "sidebarTextActiveBorder": "#579eff",
          "sidebarTextActiveColor": "#ffffff",
          "sidebarTextHoverBg": "#4578bf",
          "sidebarUnreadText": "#ffffff",
          "type": "Mattermost",
        }
      }
      value="initial text"
    />
    <AppsFormField
      field={
        Object {
          "name": "select1",
          "options": Array [
            Object {
              "label": "Label1",
              "value": "Value1",
            },
            Object {
              "label": "Label2",
              "value": "Value2",
            },
          ],
          "type": "static_select",
          "value": Object {
            "label": "Label1",
            "value": "Value1",
          },
        }
      }
      key="select1"
      name="select1"
      onChange={[Function]}
      performLookup={[Function]}
      theme={
        Object {
          "awayIndicator": "#ffbc42",
          "buttonBg": "#166de0",
          "buttonColor": "#ffffff",
          "centerChannelBg": "#ffffff",
          "centerChannelColor": "#3d3c40",
          "codeTheme": "github",
          "colorScheme": "light",
          "dndIndicator": "#f74343",
          "errorTextColor": "#fd5960",
          "linkColor": "#2389d7",
          "mentionBg": "#ffffff",
          "mentionBj": "#ffffff",
          "mentionColor": "#145dbf",
          "mentionHighlightBg": "#ffe577",
          "mentionHighlightLink": "#166de0",
          "newMessageSeparator": "#ff8800",
          "onlineIndicator": "#06d6a0",
          "sidebarBg": "#145dbf",
          "sidebarHeaderBg": "#1153ab",
          "sidebarHeaderTextColor": "#ffffff",
          "sidebarText": "#ffffff",
          "sidebarTextActiveBorder": "#579eff",
          "sidebarTextActiveColor": "#ffffff",
          "sidebarTextHoverBg": "#4578bf",
          "sidebarUnreadText": "#ffffff",
          "type": "Mattermost",
        }
      }
      value={
        Object {
          "label": "Label1",
          "value": "Value1",
        }
      }
    />
    <View
      style={
        Object {
          "marginHorizontal": 5,
        }
      }
    >
      <Button
        containerStyle={
          Object {
            "alignItems": "center",
            "alignSelf": "stretch",
            "borderColor": "#2389D7",
            "borderRadius": 3,
            "borderWidth": 1,
            "marginTop": 10,
            "padding": 15,
          }
        }
        key="Value3"
        onPress={[Function]}
      >
        <Text
          style={
            Object {
              "color": "#2389D7",
              "fontSize": 17,
              "textAlign": "center",
            }
          }
        >
          Label3
        </Text>
      </Button>
      <Button
        containerStyle={
          Object {
            "alignItems": "center",
            "alignSelf": "stretch",
            "borderColor": "#2389D7",
            "borderRadius": 3,
            "borderWidth": 1,
            "marginTop": 10,
            "padding": 15,
          }
        }
        key="Value4"
        onPress={[Function]}
      >
        <Text
          style={
            Object {
              "color": "#2389D7",
              "fontSize": 17,
              "textAlign": "center",
            }
          }
        >
          Label4
        </Text>
      </Button>
    </View>
  </ScrollView>
</RNCSafeAreaView>
`;
