// Jest Snapshot v1, https://goo.gl/fbAQLP

exports[`SwitchTeamsButton should match snapshot 1`] = `
<View
  testID="main.sidebar.channels_list.switch_teams.button"
>
  <TouchableHighlight
    onPress={[Function]}
    underlayColor="rgba(25,42,77,0.5)"
  >
    <View
      style={
        {
          "alignItems": "center",
          "backgroundColor": "rgba(255,255,255,0.24)",
          "borderRadius": 2,
          "flexDirection": "row",
          "height": 36,
          "justifyContent": "center",
          "marginRight": 12,
          "width": 57,
        }
      }
      testID="main.sidebar.channels_list.switch_teams.button.current-team-id"
    >
      <CompassIcon
        name="chevron-left"
        size={24}
        style={
          {
            "color": "#ffffff",
            "left": -2,
            "top": 1,
          }
        }
      />
      <Connect(TeamIcon)
        styleContainer={
          {
            "alignItems": "center",
            "height": 24,
            "justifyContent": "center",
            "width": 24,
          }
        }
        styleImage={
          {
            "height": 24,
            "width": 24,
          }
        }
        styleText={
          {
            "fontFamily": "Open Sans",
            "fontSize": 14,
          }
        }
        teamId="current-team-id"
        testID="main.sidebar.channels_list.switch_teams.button.team_icon"
      />
    </View>
  </TouchableHighlight>
  <Badge
    containerStyle={
      {
        "borderColor": "#1e325c",
        "borderRadius": 14,
        "borderWidth": 2,
        "position": "absolute",
        "right": 0,
        "top": -9,
      }
    }
    count={1}
    countStyle={
      {
        "color": "#1e325c",
        "fontSize": 10,
        "fontWeight": "bold",
      }
    }
    extraPaddingHorizontal={10}
    minHeight={20}
    minWidth={20}
    style={
      {
        "backgroundColor": "#ffffff",
        "height": 20,
        "padding": 3,
      }
    }
    testID="main.sidebar.channels_list.switch_teams.button.badge"
  />
</View>
`;
