// Jest Snapshot v1, https://goo.gl/fbAQLP

exports[`ChannelSearchButton should match, full snapshot 1`] = `
<View
  style={
    {
      "width": 40,
    }
  }
>
  <TouchableOpacity
    accessibilityHint="Opens the channel search modal"
    accessibilityLabel="Search"
    accessibilityRole="button"
    accessible={true}
    onPress={[Function]}
    style={
      {
        "flex": 1,
      }
    }
    testID="channel.search.button"
  >
    <View
      style={
        {
          "alignItems": "flex-end",
          "flex": 1,
          "flexDirection": "column",
          "justifyContent": "center",
          "position": "relative",
        }
      }
    >
      <CompassIcon
        name="magnify"
        size={24}
        style={
          {
            "backgroundColor": "#192a4d",
            "color": "#ffffff",
          }
        }
      />
    </View>
  </TouchableOpacity>
</View>
`;
