// Jest Snapshot v1, https://goo.gl/fbAQLP

exports[`MarkdownTable should match snapshot 1`] = `
<TouchableWithFeedbackIOS
  onPress={[Function]}
  style={
    {
      "paddingRight": 10,
    }
  }
  testID="markdown_table"
  type="opacity"
>
  <ScrollView
    onContentSizeChange={[Function]}
    onLayout={[Function]}
    scrollEnabled={false}
    showsVerticalScrollIndicator={false}
    style={
      {
        "maxHeight": 300,
      }
    }
  >
    <View
      style={
        [
          {
            "borderColor": "rgba(63,67,80,0.2)",
            "borderWidth": 1,
            "width": "100%",
          },
          {
            "width": 672,
          },
        ]
      }
    >
      <
        className="row"
        isFirstRow={true}
      >
        <
          className="col"
        />
        <
          className="col"
        />
        <
          className="col"
        />
        <
          className="col"
        />
        <
          className="col"
        />
        <
          className="col"
        />
        <
          className="col"
        />
      </>
      <
        className="row"
      >
        <
          className="col"
        />
        <
          className="col"
        />
        <
          className="col"
        />
        <
          className="col"
        />
        <
          className="col"
        />
        <
          className="col"
        />
        <
          className="col"
        />
      </>
      <
        className="row"
      >
        <
          className="col"
        />
        <
          className="col"
        />
        <
          className="col"
        />
        <
          className="col"
        />
        <
          className="col"
        />
        <
          className="col"
        />
        <
          className="col"
        />
      </>
      <
        className="row"
      >
        <
          className="col"
        />
        <
          className="col"
        />
        <
          className="col"
        />
        <
          className="col"
        />
        <
          className="col"
        />
        <
          className="col"
        />
        <
          className="col"
        />
      </>
      <
        className="row"
      >
        <
          className="col"
        />
        <
          className="col"
        />
        <
          className="col"
        />
        <
          className="col"
        />
        <
          className="col"
        />
        <
          className="col"
        />
        <
          className="col"
        />
      </>
      <
        className="row"
      >
        <
          className="col"
        />
        <
          className="col"
        />
        <
          className="col"
        />
        <
          className="col"
        />
        <
          className="col"
        />
        <
          className="col"
        />
        <
          className="col"
        />
      </>
      <
        className="row"
        isLastRow={true}
      >
        <
          className="col"
        />
        <
          className="col"
        />
        <
          className="col"
        />
        <
          className="col"
        />
        <
          className="col"
        />
        <
          className="col"
        />
        <
          className="col"
        />
      </>
    </View>
  </ScrollView>
  <LinearGradient
    colors={
      [
        "rgba(63,67,80,0)",
        "rgba(63,67,80,0.1)",
      ]
    }
    end={
      {
        "x": 1,
        "y": 0,
      }
    }
    start={
      {
        "x": 0,
        "y": 0,
      }
    }
    style={
      [
        {
          "borderColor": "rgba(63,67,80,0.2)",
          "borderRightWidth": 1,
          "maxHeight": 300,
          "position": "absolute",
          "top": 0,
          "width": 20,
        },
        {
          "height": 0,
          "left": -20,
        },
      ]
    }
  />
  <LinearGradient
    colors={
      [
        "rgba(63,67,80,0)",
        "rgba(63,67,80,0.1)",
      ]
    }
    end={
      {
        "x": 0.5,
        "y": 1,
      }
    }
    start={
      {
        "x": 0.5,
        "y": 0,
      }
    }
    style={
      [
        {
          "borderColor": "rgba(63,67,80,0.2)",
          "bottom": 34,
          "height": 20,
          "left": 0,
          "position": "absolute",
        },
        {
          "width": 0,
        },
      ]
    }
  />
</TouchableWithFeedbackIOS>
`;
