// Jest Snapshot v1, https://goo.gl/fbAQLP

exports[`SearchBar should match snapshot 1`] = `
<View
  style={
    [
      {
        "alignItems": "center",
        "flexDirection": "row",
        "height": 20,
        "justifyContent": "flex-start",
        "overflow": "hidden",
      },
      {},
    ]
  }
  testID="search_bar"
>
  <ForwardRef(AnimatedComponentWrapper)
    style={
      [
        {
          "flex": 1,
        },
        {
          "height": 10,
          "marginRight": 5,
        },
        {
          "marginLeft": 0,
        },
      ]
    }
  >
    <ForwardRef(Themed.SearchBar)
      allowFontScaling={true}
      autoCapitalize="auto-capitalize"
      autoCorrect={false}
      autoFocus={true}
      blurOnSubmit={true}
      cancelButtonProps={
        {
          "buttonTextStyle": {
            "color": "#aaaaaa",
            "fontSize": 14,
          },
        }
      }
      cancelButtonTitle="cancel title"
      cancelIcon={null}
      clearIcon={
        <CompassIcon
          name="close-circle"
          onPress={[Function]}
          size={18}
          style={
            {
              "color": "#cccccc",
            }
          }
          testID="search_bar.search.clear.button"
        />
      }
      containerStyle={
        {
          "backgroundColor": "#ffffff",
          "flex": 1,
          "paddingBottom": 0,
          "paddingTop": 0,
        }
      }
      disableFullscreenUI={true}
      editable={true}
      enablesReturnKeyAutomatically={true}
      inputContainerStyle={
        {
          "backgroundColor": undefined,
          "borderRadius": 2,
          "height": 10,
        }
      }
      inputStyle={
        {
          "backgroundColor": "transparent",
          "color": "#fff",
          "fontSize": 14,
          "height": 10,
          "marginLeft": 4,
          "marginTop": 0,
          "paddingTop": 0,
        }
      }
      keyboardAppearance="keyboard-appearance"
      keyboardType="keyboard-type"
      leftIconContainerStyle={
        {
          "marginLeft": 4,
          "width": 30,
        }
      }
      onBlur={[Function]}
      onCancel={[Function]}
      onChangeText={[Function]}
      onClear={[Function]}
      onFocus={[Function]}
      onSelectionChange={[Function]}
      onSubmitEditing={[Function]}
      placeholder="placeholder"
      placeholderTextColor="#000000"
      platform="ios"
      returnKeyType="return-key-type"
      searchIcon={
        <CompassIcon
          name="magnify"
          size={24}
          style={
            [
              {
                "flex": 1,
              },
              {
                "color": "#bbbbbb",
                "top": 8,
              },
            ]
          }
        />
      }
      selectionColor="#dddddd"
      showCancel={true}
      testID="search_bar.search.input"
      underlineColorAndroid="transparent"
      value="value"
    />
  </ForwardRef(AnimatedComponentWrapper)>
</View>
`;
