// Jest Snapshot v1, https://goo.gl/fbAQLP

exports[`UploadItem downloadAndUploadFile should match, full snapshot 1`] = `
<View
  style={
    Object {
      "marginLeft": 12,
      "paddingTop": 5,
    }
  }
>
  <View
    style={
      Object {
        "borderRadius": 4,
        "height": 56,
        "width": 56,
      }
    }
  >
    <ForwardRef
      onPress={[Function]}
    >
      <View
        style={
          Object {
            "height": 56,
            "width": 56,
          }
        }
      >
        <FileIcon
          backgroundColor="rgba(61,60,64,0.08)"
          file={
            Object {
              "loading": false,
            }
          }
          iconSize={60}
          theme={
            Object {
              "awayIndicator": "#ffbc42",
              "buttonBg": "#166de0",
              "buttonColor": "#ffffff",
              "centerChannelBg": "#ffffff",
              "centerChannelColor": "#3d3c40",
              "codeTheme": "github",
              "dndIndicator": "#f74343",
              "errorTextColor": "#fd5960",
              "linkColor": "#2389d7",
              "mentionBg": "#ffffff",
              "mentionBj": "#ffffff",
              "mentionColor": "#145dbf",
              "mentionHighlightBg": "#ffe577",
              "mentionHighlightLink": "#166de0",
              "newMessageSeparator": "#ff8800",
              "onlineIndicator": "#06d6a0",
              "sidebarBg": "#145dbf",
              "sidebarHeaderBg": "#1153ab",
              "sidebarHeaderTextColor": "#ffffff",
              "sidebarText": "#ffffff",
              "sidebarTextActiveBorder": "#579eff",
              "sidebarTextActiveColor": "#ffffff",
              "sidebarTextHoverBg": "#4578bf",
              "sidebarUnreadText": "#ffffff",
              "type": "Mattermost",
            }
          }
        />
      </View>
    </ForwardRef>
  </View>
  <UploadRemove
    channelId="channel-id"
    onPress={[Function]}
    theme={
      Object {
        "awayIndicator": "#ffbc42",
        "buttonBg": "#166de0",
        "buttonColor": "#ffffff",
        "centerChannelBg": "#ffffff",
        "centerChannelColor": "#3d3c40",
        "codeTheme": "github",
        "dndIndicator": "#f74343",
        "errorTextColor": "#fd5960",
        "linkColor": "#2389d7",
        "mentionBg": "#ffffff",
        "mentionBj": "#ffffff",
        "mentionColor": "#145dbf",
        "mentionHighlightBg": "#ffe577",
        "mentionHighlightLink": "#166de0",
        "newMessageSeparator": "#ff8800",
        "onlineIndicator": "#06d6a0",
        "sidebarBg": "#145dbf",
        "sidebarHeaderBg": "#1153ab",
        "sidebarHeaderTextColor": "#ffffff",
        "sidebarText": "#ffffff",
        "sidebarTextActiveBorder": "#579eff",
        "sidebarTextActiveColor": "#ffffff",
        "sidebarTextHoverBg": "#4578bf",
        "sidebarUnreadText": "#ffffff",
        "type": "Mattermost",
      }
    }
  />
</View>
`;
