// Jest Snapshot v1, https://goo.gl/fbAQLP

exports[`Badge should match snapshot 1`] = `
<View
  style={
    [
      {
        "borderRadius": 20,
        "position": "absolute",
        "right": 30,
        "top": 2,
      },
      {
        "borderColor": "#000000",
      },
    ]
  }
  testID="badge"
>
  <View
    style={
      [
        {
          "backgroundColor": "#444",
          "height": 20,
          "padding": 12,
          "paddingBottom": 3,
          "paddingTop": 3,
        },
        {
          "backgroundColor": "#ffffff",
        },
        {
          "opacity": 0,
        },
      ]
    }
  >
    <View
      style={
        {
          "alignItems": "center",
          "alignSelf": "center",
          "flex": 1,
          "justifyContent": "center",
        }
      }
    >
      <View
        style={
          {
            "alignItems": "center",
            "flex": 1,
            "flexDirection": "row",
            "justifyContent": "center",
            "textAlignVertical": "center",
          }
        }
      >
        <Text
          onLayout={[Function]}
          style={
            [
              {
                "color": "white",
                "fontSize": 14,
              },
              {
                "color": "#145dbf",
                "fontSize": 10,
              },
            ]
          }
          testID="badge.unread_count"
        >
          99+
        </Text>
      </View>
    </View>
  </View>
</View>
`;
