// Jest Snapshot v1, https://goo.gl/fbAQLP

exports[`EditPost should match snapshot 1`] = `
<React.Fragment>
  <ForwardRef
    style={
      {
        "flex": 1,
      }
    }
    testID="edit_post.screen"
  >
    <Connect(StatusBar) />
    <View
      style={
        {
          "backgroundColor": "rgba(63,67,80,0.03)",
          "flex": 1,
        }
      }
    >
      <View
        style={
          [
            {
              "backgroundColor": "#ffffff",
              "borderBottomColor": "rgba(63,67,80,0.1)",
              "borderBottomWidth": 1,
              "borderTopColor": "rgba(63,67,80,0.1)",
              "borderTopWidth": 1,
              "marginTop": 2,
            },
            {
              "height": NaN,
            },
          ]
        }
      >
        <TextInputWithLocalizedPlaceholder
          allowFontScaling={true}
          blurOnSubmit={false}
          disableFullscreenUI={true}
          keyboardAppearance="light"
          keyboardType="default"
          multiline={true}
          numberOfLines={10}
          onChangeText={[Function]}
          onSelectionChange={[Function]}
          placeholder={
            {
              "defaultMessage": "Edit the post...",
              "id": "edit_post.editPost",
            }
          }
          placeholderTextColor="rgba(63,67,80,0.4)"
          style={
            [
              {
                "color": "#3f4350",
                "fontSize": 14,
                "padding": 15,
                "textAlignVertical": "top",
              },
              {
                "height": NaN,
              },
            ]
          }
          testID="edit_post.message.input"
          underlineColorAndroid="transparent"
        />
      </View>
    </View>
  </ForwardRef>
  <KeyboardTrackingView
    style={
      [
        {
          "flex": 1,
          "justifyContent": "flex-end",
        },
        {
          "flex": 0,
        },
      ]
    }
  >
    <Connect(Autocomplete)
      cursorPosition={0}
      maxHeight={200}
      nestedScrollEnabled={true}
      offsetY={8}
      onChangeText={[Function]}
      onVisible={[Function]}
      style={
        {
          "position": undefined,
        }
      }
    />
  </KeyboardTrackingView>
</React.Fragment>
`;
