// Jest Snapshot v1, https://goo.gl/fbAQLP

exports[`PinnedPosts should match snapshot 1`] = `
<RNCSafeAreaView
  edges={
    Array [
      "bottom",
      "left",
      "right",
    ]
  }
  style={
    Object {
      "flex": 1,
    }
  }
  testID="pinned_messages.screen"
>
  <Connect(StatusBar) />
  <Connect(ChannelLoader)
    channelIsLoading={true}
  />
</RNCSafeAreaView>
`;

exports[`PinnedPosts should match snapshot when component waiting for response 1`] = `
<RNCSafeAreaView
  edges={
    Array [
      "bottom",
      "left",
      "right",
    ]
  }
  style={
    Object {
      "flex": 1,
    }
  }
  testID="pinned_messages.screen"
>
  <Connect(StatusBar) />
  <Connect(ChannelLoader)
    channelIsLoading={true}
  />
</RNCSafeAreaView>
`;

exports[`PinnedPosts should match snapshot when getPinnedPosts failed 1`] = `
<RNCSafeAreaView
  edges={
    Array [
      "bottom",
      "left",
      "right",
    ]
  }
  style={
    Object {
      "flex": 1,
    }
  }
  testID="pinned_messages.screen"
>
  <Connect(StatusBar) />
  <Connect(FailedNetworkAction)
    onRetry={[Function]}
    theme={
      Object {
        "awayIndicator": "#ffbc42",
        "buttonBg": "#166de0",
        "buttonColor": "#ffffff",
        "centerChannelBg": "#ffffff",
        "centerChannelColor": "#3d3c40",
        "codeTheme": "github",
        "colorScheme": "light",
        "dndIndicator": "#f74343",
        "errorTextColor": "#fd5960",
        "linkColor": "#2389d7",
        "mentionBg": "#ffffff",
        "mentionBj": "#ffffff",
        "mentionColor": "#145dbf",
        "mentionHighlightBg": "#ffe577",
        "mentionHighlightLink": "#166de0",
        "newMessageSeparator": "#ff8800",
        "onlineIndicator": "#06d6a0",
        "sidebarBg": "#145dbf",
        "sidebarHeaderBg": "#1153ab",
        "sidebarHeaderTextColor": "#ffffff",
        "sidebarText": "#ffffff",
        "sidebarTextActiveBorder": "#579eff",
        "sidebarTextActiveColor": "#ffffff",
        "sidebarTextHoverBg": "#4578bf",
        "sidebarUnreadText": "#ffffff",
        "type": "Mattermost",
      }
    }
  />
</RNCSafeAreaView>
`;
