// Jest Snapshot v1, https://goo.gl/fbAQLP

exports[`ChannelInfo -> Leave should match snapshot for Close DM 1`] = `
<React.Fragment>
  <Separator
    theme={
      Object {
        "awayIndicator": "#ffbc42",
        "buttonBg": "#166de0",
        "buttonColor": "#ffffff",
        "centerChannelBg": "#ffffff",
        "centerChannelColor": "#3d3c40",
        "codeTheme": "github",
        "colorScheme": "light",
        "dndIndicator": "#f74343",
        "errorTextColor": "#fd5960",
        "linkColor": "#2389d7",
        "mentionBg": "#ffffff",
        "mentionBj": "#ffffff",
        "mentionColor": "#145dbf",
        "mentionHighlightBg": "#ffe577",
        "mentionHighlightLink": "#166de0",
        "newMessageSeparator": "#ff8800",
        "onlineIndicator": "#06d6a0",
        "sidebarBg": "#145dbf",
        "sidebarHeaderBg": "#1153ab",
        "sidebarHeaderTextColor": "#ffffff",
        "sidebarText": "#ffffff",
        "sidebarTextActiveBorder": "#579eff",
        "sidebarTextActiveColor": "#ffffff",
        "sidebarTextHoverBg": "#4578bf",
        "sidebarUnreadText": "#ffffff",
        "type": "Mattermost",
      }
    }
  />
  <channelInfoRow
    action={[Function]}
    defaultMessage="Close Direct Message"
    icon="close"
    iconColor="#CA3B27"
    rightArrow={false}
    shouldRender={true}
    textColor="#CA3B27"
    textId="mobile.channel_list.closeDM"
    theme={
      Object {
        "awayIndicator": "#ffbc42",
        "buttonBg": "#166de0",
        "buttonColor": "#ffffff",
        "centerChannelBg": "#ffffff",
        "centerChannelColor": "#3d3c40",
        "codeTheme": "github",
        "colorScheme": "light",
        "dndIndicator": "#f74343",
        "errorTextColor": "#fd5960",
        "linkColor": "#2389d7",
        "mentionBg": "#ffffff",
        "mentionBj": "#ffffff",
        "mentionColor": "#145dbf",
        "mentionHighlightBg": "#ffe577",
        "mentionHighlightLink": "#166de0",
        "newMessageSeparator": "#ff8800",
        "onlineIndicator": "#06d6a0",
        "sidebarBg": "#145dbf",
        "sidebarHeaderBg": "#1153ab",
        "sidebarHeaderTextColor": "#ffffff",
        "sidebarText": "#ffffff",
        "sidebarTextActiveBorder": "#579eff",
        "sidebarTextActiveColor": "#ffffff",
        "sidebarTextHoverBg": "#4578bf",
        "sidebarUnreadText": "#ffffff",
        "type": "Mattermost",
      }
    }
    togglable={false}
  />
</React.Fragment>
`;

exports[`ChannelInfo -> Leave should match snapshot for Close GM 1`] = `
<React.Fragment>
  <Separator
    theme={
      Object {
        "awayIndicator": "#ffbc42",
        "buttonBg": "#166de0",
        "buttonColor": "#ffffff",
        "centerChannelBg": "#ffffff",
        "centerChannelColor": "#3d3c40",
        "codeTheme": "github",
        "colorScheme": "light",
        "dndIndicator": "#f74343",
        "errorTextColor": "#fd5960",
        "linkColor": "#2389d7",
        "mentionBg": "#ffffff",
        "mentionBj": "#ffffff",
        "mentionColor": "#145dbf",
        "mentionHighlightBg": "#ffe577",
        "mentionHighlightLink": "#166de0",
        "newMessageSeparator": "#ff8800",
        "onlineIndicator": "#06d6a0",
        "sidebarBg": "#145dbf",
        "sidebarHeaderBg": "#1153ab",
        "sidebarHeaderTextColor": "#ffffff",
        "sidebarText": "#ffffff",
        "sidebarTextActiveBorder": "#579eff",
        "sidebarTextActiveColor": "#ffffff",
        "sidebarTextHoverBg": "#4578bf",
        "sidebarUnreadText": "#ffffff",
        "type": "Mattermost",
      }
    }
  />
  <channelInfoRow
    action={[Function]}
    defaultMessage="Close Group Message"
    icon="close"
    iconColor="#CA3B27"
    rightArrow={false}
    shouldRender={true}
    textColor="#CA3B27"
    textId="mobile.channel_list.closeGM"
    theme={
      Object {
        "awayIndicator": "#ffbc42",
        "buttonBg": "#166de0",
        "buttonColor": "#ffffff",
        "centerChannelBg": "#ffffff",
        "centerChannelColor": "#3d3c40",
        "codeTheme": "github",
        "colorScheme": "light",
        "dndIndicator": "#f74343",
        "errorTextColor": "#fd5960",
        "linkColor": "#2389d7",
        "mentionBg": "#ffffff",
        "mentionBj": "#ffffff",
        "mentionColor": "#145dbf",
        "mentionHighlightBg": "#ffe577",
        "mentionHighlightLink": "#166de0",
        "newMessageSeparator": "#ff8800",
        "onlineIndicator": "#06d6a0",
        "sidebarBg": "#145dbf",
        "sidebarHeaderBg": "#1153ab",
        "sidebarHeaderTextColor": "#ffffff",
        "sidebarText": "#ffffff",
        "sidebarTextActiveBorder": "#579eff",
        "sidebarTextActiveColor": "#ffffff",
        "sidebarTextHoverBg": "#4578bf",
        "sidebarUnreadText": "#ffffff",
        "type": "Mattermost",
      }
    }
    togglable={false}
  />
</React.Fragment>
`;

exports[`ChannelInfo -> Leave should match snapshot for Leave Private Channel 1`] = `
<React.Fragment>
  <Separator
    theme={
      Object {
        "awayIndicator": "#ffbc42",
        "buttonBg": "#166de0",
        "buttonColor": "#ffffff",
        "centerChannelBg": "#ffffff",
        "centerChannelColor": "#3d3c40",
        "codeTheme": "github",
        "colorScheme": "light",
        "dndIndicator": "#f74343",
        "errorTextColor": "#fd5960",
        "linkColor": "#2389d7",
        "mentionBg": "#ffffff",
        "mentionBj": "#ffffff",
        "mentionColor": "#145dbf",
        "mentionHighlightBg": "#ffe577",
        "mentionHighlightLink": "#166de0",
        "newMessageSeparator": "#ff8800",
        "onlineIndicator": "#06d6a0",
        "sidebarBg": "#145dbf",
        "sidebarHeaderBg": "#1153ab",
        "sidebarHeaderTextColor": "#ffffff",
        "sidebarText": "#ffffff",
        "sidebarTextActiveBorder": "#579eff",
        "sidebarTextActiveColor": "#ffffff",
        "sidebarTextHoverBg": "#4578bf",
        "sidebarUnreadText": "#ffffff",
        "type": "Mattermost",
      }
    }
  />
  <channelInfoRow
    action={[Function]}
    defaultMessage="Leave Channel"
    icon="exit-to-app"
    iconColor="#CA3B27"
    rightArrow={false}
    shouldRender={true}
    textColor="#CA3B27"
    textId="navbar.leave"
    theme={
      Object {
        "awayIndicator": "#ffbc42",
        "buttonBg": "#166de0",
        "buttonColor": "#ffffff",
        "centerChannelBg": "#ffffff",
        "centerChannelColor": "#3d3c40",
        "codeTheme": "github",
        "colorScheme": "light",
        "dndIndicator": "#f74343",
        "errorTextColor": "#fd5960",
        "linkColor": "#2389d7",
        "mentionBg": "#ffffff",
        "mentionBj": "#ffffff",
        "mentionColor": "#145dbf",
        "mentionHighlightBg": "#ffe577",
        "mentionHighlightLink": "#166de0",
        "newMessageSeparator": "#ff8800",
        "onlineIndicator": "#06d6a0",
        "sidebarBg": "#145dbf",
        "sidebarHeaderBg": "#1153ab",
        "sidebarHeaderTextColor": "#ffffff",
        "sidebarText": "#ffffff",
        "sidebarTextActiveBorder": "#579eff",
        "sidebarTextActiveColor": "#ffffff",
        "sidebarTextHoverBg": "#4578bf",
        "sidebarUnreadText": "#ffffff",
        "type": "Mattermost",
      }
    }
    togglable={false}
  />
</React.Fragment>
`;

exports[`ChannelInfo -> Leave should match snapshot for Leave Public Channel 1`] = `
<React.Fragment>
  <Separator
    theme={
      Object {
        "awayIndicator": "#ffbc42",
        "buttonBg": "#166de0",
        "buttonColor": "#ffffff",
        "centerChannelBg": "#ffffff",
        "centerChannelColor": "#3d3c40",
        "codeTheme": "github",
        "colorScheme": "light",
        "dndIndicator": "#f74343",
        "errorTextColor": "#fd5960",
        "linkColor": "#2389d7",
        "mentionBg": "#ffffff",
        "mentionBj": "#ffffff",
        "mentionColor": "#145dbf",
        "mentionHighlightBg": "#ffe577",
        "mentionHighlightLink": "#166de0",
        "newMessageSeparator": "#ff8800",
        "onlineIndicator": "#06d6a0",
        "sidebarBg": "#145dbf",
        "sidebarHeaderBg": "#1153ab",
        "sidebarHeaderTextColor": "#ffffff",
        "sidebarText": "#ffffff",
        "sidebarTextActiveBorder": "#579eff",
        "sidebarTextActiveColor": "#ffffff",
        "sidebarTextHoverBg": "#4578bf",
        "sidebarUnreadText": "#ffffff",
        "type": "Mattermost",
      }
    }
  />
  <channelInfoRow
    action={[Function]}
    defaultMessage="Leave Channel"
    icon="exit-to-app"
    iconColor="#CA3B27"
    rightArrow={false}
    shouldRender={true}
    textColor="#CA3B27"
    textId="navbar.leave"
    theme={
      Object {
        "awayIndicator": "#ffbc42",
        "buttonBg": "#166de0",
        "buttonColor": "#ffffff",
        "centerChannelBg": "#ffffff",
        "centerChannelColor": "#3d3c40",
        "codeTheme": "github",
        "colorScheme": "light",
        "dndIndicator": "#f74343",
        "errorTextColor": "#fd5960",
        "linkColor": "#2389d7",
        "mentionBg": "#ffffff",
        "mentionBj": "#ffffff",
        "mentionColor": "#145dbf",
        "mentionHighlightBg": "#ffe577",
        "mentionHighlightLink": "#166de0",
        "newMessageSeparator": "#ff8800",
        "onlineIndicator": "#06d6a0",
        "sidebarBg": "#145dbf",
        "sidebarHeaderBg": "#1153ab",
        "sidebarHeaderTextColor": "#ffffff",
        "sidebarText": "#ffffff",
        "sidebarTextActiveBorder": "#579eff",
        "sidebarTextActiveColor": "#ffffff",
        "sidebarTextHoverBg": "#4578bf",
        "sidebarUnreadText": "#ffffff",
        "type": "Mattermost",
      }
    }
    togglable={false}
  />
</React.Fragment>
`;
