// Jest Snapshot v1, https://goo.gl/fbAQLP

exports[`Error Component should match snapshot 1`] = `
<View
  style={
    Object {
      "alignItems": "center",
      "flex": 1,
      "padding": 20,
    }
  }
>
  <View
    style={
      Object {
        "alignItems": "center",
        "backgroundColor": "rgba(255,255,255,0.08)",
        "borderRadius": 60,
        "height": 120,
        "justifyContent": "center",
        "width": 120,
      }
    }
  >
    <Icon
      name="alert-circle-outline"
      style={
        Object {
          "color": "rgba(255,255,255,0.48)",
          "fontSize": 72,
          "lineHeight": 72,
        }
      }
    />
  </View>
  <Text
    style={
      Array [
        Object {
          "fontFamily": "Metropolis",
          "fontSize": 20,
          "fontWeight": "600",
          "lineHeight": 28,
        },
        Object {
          "color": "#ffffff",
          "marginTop": 20,
          "textAlign": "center",
        },
      ]
    }
  >
    Couldn't load Staff
  </Text>
  <Text
    style={
      Array [
        Object {
          "fontFamily": "OpenSans",
          "fontSize": 16,
          "fontWeight": "400",
          "lineHeight": 24,
        },
        Object {
          "color": "#ffffff",
          "textAlign": "center",
        },
      ]
    }
  >
    There was a problem loading the content for this team.
  </Text>
  <View
    accessibilityState={
      Object {
        "disabled": false,
      }
    }
    accessible={true}
    collapsable={false}
    focusable={true}
    onBlur={[Function]}
    onClick={[Function]}
    onFocus={[Function]}
    onResponderGrant={[Function]}
    onResponderMove={[Function]}
    onResponderRelease={[Function]}
    onResponderTerminate={[Function]}
    onResponderTerminationRequest={[Function]}
    onStartShouldSetResponder={[Function]}
  >
    <View
      style={
        Array [
          Object {
            "backgroundColor": "#ffffff",
          },
          Object {},
          Array [
            Object {
              "alignItems": "center",
              "borderRadius": 4,
              "flex": 0,
              "justifyContent": "center",
            },
            Object {
              "height": 48,
              "paddingHorizontal": 24,
              "paddingVertical": 14,
            },
            undefined,
            Object {
              "marginTop": 20,
            },
          ],
        ]
      }
    >
      <Text
        style={
          Array [
            Object {
              "fontFamily": "OpenSans",
              "fontWeight": "600",
            },
            Object {
              "fontSize": 16,
              "lineHeight": 18,
            },
            Object {
              "color": "#1c58d9",
            },
            undefined,
          ]
        }
      >
        Retry
      </Text>
    </View>
  </View>
</View>
`;
